<area shape="rect" id="node3" href="$_global_rng_8h.html" title="Contains a class that subsumes several often used random number generators." alt="" coords="515,161,816,189">
<area shape="rect" id="node11" href="$_diff_geometric_8h.html" title="Contains a class that simulates a &quot;Differential Geometric distribution&quot;..." alt="" coords="703,83,1023,111">
<area shape="rect" id="node16" href="$_geometric_8cpp.html" title="Implements methods for class Geometric that simulates a &quot;%Geometric distribution&quot;..." alt="" coords="1047,83,1361,111">
<area shape="rect" id="node5" href="$_f_schwefel206_8cpp.html" title="Ackley benchmark function." alt="" coords="5,238,429,266">
<area shape="rect" id="node7" href="$_f_schwefel213_8cpp.html" title="Schwefel&#39;s problem 2.13." alt="" coords="453,238,877,266">
<area shape="rect" id="node9" href="$_global_rng_8cpp.html" title="Implements a method for class Rng that subsumes several often used random number..." alt="" coords="901,238,1216,266">
<area shape="rect" id="node14" href="$_diff_geometric_8cpp.html" title="Implements methods for class DiffGeometric that simulates a &quot;Differential Geometric..." alt="" coords="840,161,1173,189">
