<area shape="rect" id="node2" href="$class_memetic_algorithm.html" title="{MemeticAlgorithm\&lt; double \&gt;\n|+ gs\l+ ls\l+ tLS\l+ pLS\l+ maSelectionStrategy\l+ maLearningStrategy\l+ maxEvaluations\l+ maxGenerations\l|+ MemeticAlgorithm()\l+ MemeticAlgorithm()\l+ evolve()\l+ nGenerations()\l+ done()\l# getLSIndividuals()\l# initialize()\l}" alt="" coords="252,1374,439,1663">
<area shape="rect" id="node4" href="$class_global_search.html" title="{GlobalSearch\&lt; double \&gt;\n|+ pop\l+ fObj\l# nGen\l|+ GlobalSearch()\l+ ~GlobalSearch()\l+ evolve()\l+ nGenerations()\l+ evaluate()\l+ bestEvaluation()\l}" alt="" coords="127,1067,287,1261">
<area shape="rect" id="node6" href="$class_population.html" title="{Population\&lt; double \&gt;\n||+ Population()\l+ Population()\l+ Population()\l+ clone()\l+ sort()\l}" alt="" coords="5,713,149,858">
<area shape="rect" id="node8" href="$class_population.html" title="Population class." alt="" coords="21,206,133,351">
<area shape="rect" id="node10" href="$class_objective_function.html" title="The super class for objective functions." alt="" coords="233,6,385,551">
<area shape="rect" id="node12" href="$class_global_search.html" title="The super class for population&#45;based search methods." alt="" coords="244,689,375,882">
<area shape="rect" id="node15" href="$class_local_search.html" title="The super class for local search methods." alt="" coords="399,617,519,954">
<area shape="rect" id="node18" href="$class_memetic_algorithm.html" title="The super class for Memetic Algorithms." alt="" coords="380,1019,537,1309">
