<area shape="rect" id="node3" href="$class_genetic_algorithm.html" title="This class implement standard Genetic Algorithm." alt="" coords="189,273,341,450">
<area shape="rect" id="node9" href="$class_global_search.html" title="{GlobalSearch\&lt; double \&gt;\n|+ pop\l+ fObj\l# nGen\l|+ GlobalSearch()\l+ ~GlobalSearch()\l+ evolve()\l+ nGenerations()\l+ evaluate()\l+ bestEvaluation()\l}" alt="" coords="5,265,165,458">
<area shape="rect" id="node14" href="$class_global_search.html" title="{GlobalSearch\&lt; bool \&gt;\n|+ pop\l+ fObj\l# nGen\l|+ GlobalSearch()\l+ ~GlobalSearch()\l+ evolve()\l+ nGenerations()\l+ evaluate()\l+ bestEvaluation()\l}" alt="" coords="365,265,512,458">
<area shape="rect" id="node5" href="$class_genetic_algorithm.html" title="{GeneticAlgorithm\&lt; double \&gt;\n|+ mutation\l+ crossover\l+ selection\l+ recombination\l|+ GeneticAlgorithm()\l+ GeneticAlgorithm()\l+ ~GeneticAlgorithm()\l+ evolve()\l}" alt="" coords="147,523,331,701">
<area shape="rect" id="node7" href="$class_genetic_algorithm.html" title="{GeneticAlgorithm\&lt; bool \&gt;\n|+ mutation\l+ crossover\l+ selection\l+ recombination\l|+ GeneticAlgorithm()\l+ GeneticAlgorithm()\l+ ~GeneticAlgorithm()\l+ evolve()\l}" alt="" coords="355,523,523,701">
<area shape="rect" id="node11" href="$class_cellular_g_a.html" title="{CellularGA\n|+ mutation\l+ crossover\l+ popW\l+ popH\l|+ CellularGA()\l+ CellularGA()\l+ ~CellularGA()\l+ evolve()\l}" alt="" coords="11,523,123,701">
