<area shape="rect" id="node2" href="$class_global_search.html" title="{GlobalSearch\&lt; double \&gt;\n|+ pop\l+ fObj\l# nGen\l|+ GlobalSearch()\l+ ~GlobalSearch()\l+ evolve()\l+ nGenerations()\l+ evaluate()\l+ bestEvaluation()\l}" alt="" coords="165,875,325,1069">
<area shape="rect" id="node4" href="$class_population.html" title="{Population\&lt; double \&gt;\n||+ Population()\l+ Population()\l+ Population()\l+ clone()\l+ sort()\l}" alt="" coords="5,641,149,786">
<area shape="rect" id="node6" href="$class_population.html" title="Population class." alt="" coords="21,206,133,351">
<area shape="rect" id="node8" href="$class_objective_function.html" title="The super class for objective functions." alt="" coords="177,6,329,551">
<area shape="rect" id="node10" href="$class_global_search.html" title="The super class for population&#45;based search methods." alt="" coords="244,617,375,810">
<area shape="rect" id="node13" href="$class_crossover.html" title="{Crossover\&lt; double \&gt;\n|# pCrossover\l|+ Crossover()\l+ operator()()\l+ cross()\l}" alt="" coords="368,915,507,1029">
<area shape="rect" id="node15" href="$class_crossover.html" title="The super class for crossover operators." alt="" coords="399,657,508,770">
<area shape="rect" id="node17" href="$class_mutation.html" title="{Mutation\&lt; double \&gt;\n|# pMutation\l|+ Mutation()\l+ Mutation()\l+ operator()()\l+ mutate()\l}" alt="" coords="531,907,664,1037">
<area shape="rect" id="node19" href="$class_mutation.html" title="The super class for mutation operators." alt="" coords="547,649,648,778">
