<area shape="rect" id="node1" href="$class_random_var.html" title="RandomVar\&lt; double \&gt;" alt="" coords="5,157,157,185">
<area shape="rect" id="node3" href="$class_cauchy.html" title="This class simulates a &quot;standard %Cauchy distribution&quot;." alt="" coords="232,5,296,33">
<area shape="rect" id="node5" href="$class_erlang.html" title="This class simulates an &quot;%Erlang distribution&quot;." alt="" coords="235,55,293,83">
<area shape="rect" id="node7" href="$class_hyper_geometric.html" title="This class simulates a &quot;Hyper %Geometric distribution&quot;." alt="" coords="207,106,321,134">
<area shape="rect" id="node9" href="$class_neg_exponential.html" title="This class simulates a &quot;negative exponential distribution&quot;." alt="" coords="208,157,320,185">
<area shape="rect" id="node11" href="$class_normal.html" title="This class simulates a &quot;normal&quot; distribution." alt="" coords="233,207,295,235">
<area shape="rect" id="node15" href="$class_uniform.html" title="This class simulates a &quot;uniform distribution&quot;." alt="" coords="232,258,296,286">
<area shape="rect" id="node17" href="$class_weibull.html" title="This class simulates a &quot;%Weibull distribution&quot;." alt="" coords="232,309,296,337">
<area shape="rect" id="node13" href="$class_log_normal.html" title="This class simulates a &quot;Log %Normal distribution&quot;." alt="" coords="372,207,455,235">
