<area shape="rect" id="node3" href="$_f_schwefel213_8h.html" title="Schwefel&#39;s problem 2.13." alt="" coords="131,83,243,111">
<area shape="rect" id="node5" href="$_global_rng_8h.html" title="Contains a class that subsumes several often used random number generators." alt="" coords="267,83,397,111">
<area shape="rect" id="node7" href="$_bernoulli_8h.html" title="Contains a class that simulates a &quot;Bernoulli trial&quot;, which is like a coin..." alt="" coords="568,238,651,266">
<area shape="rect" id="node23" href="$_discrete_uniform_8h.html" title="Contains a class that simulates a &quot;uniform distribution&quot; with integer numbers..." alt="" coords="101,238,224,266">
<area shape="rect" id="node26" href="$_uniform_8h.html" title="Contains a class that simulates a &quot;uniform distribution&quot;." alt="" coords="139,161,213,189">
<area shape="rect" id="node29" href="$_normal_8h.html" title="Contains a class that simulates a &quot;normal&quot;, i.e. gaussian distribution..." alt="" coords="5,238,77,266">
<area shape="rect" id="node33" href="$_cauchy_8h.html" title="Contains a class that simulates a &quot;standard %Cauchy distribution&quot;." alt="" coords="237,161,312,189">
<area shape="rect" id="node36" href="$_geometric_8h.html" title="Contains a class that simulates a &quot;%Geometric distribution&quot;." alt="" coords="349,238,440,266">
<area shape="rect" id="node39" href="$_diff_geometric_8h.html" title="Contains a class that simulates a &quot;Differential Geometric distribution&quot;..." alt="" coords="336,161,445,189">
<area shape="rect" id="node42" href="$_poisson_8h.html" title="Contains a class that simulates a &quot;%Poisson distribution&quot;." alt="" coords="520,161,600,189">
<area shape="rect" id="node9" href="$_random_var_8h.html" title="Contains a template class that will define the basic operations for all random number..." alt="" coords="237,315,336,343">
<area shape="rect" id="node15" href="$_r_n_g_8h.html" title="This file contains a class, that defines a generator for uniformally distributed..." alt="" coords="247,393,305,421">
