<area shape="rect" id="node3" href="$_random_var_8h.html" title="Contains a template class that will define the basic operations for all random number..." alt="" coords="2435,83,2744,111">
<area shape="rect" id="node78" href="$_rng_8cpp.html" title="This file defines a global instantiation of class RNG, that defines a generator for..." alt="" coords="2768,83,3048,111">
<area shape="rect" id="node5" href="$_bernoulli_8h.html" title="Contains a class that simulates a &quot;Bernoulli trial&quot;, which is like a coin..." alt="" coords="457,161,748,189">
<area shape="rect" id="node17" href="$_discrete_uniform_8h.html" title="Contains a class that simulates a &quot;uniform distribution&quot; with integer numbers..." alt="" coords="35,161,368,189">
<area shape="rect" id="node22" href="$_uniform_8h.html" title="Contains a class that simulates a &quot;uniform distribution&quot;." alt="" coords="869,161,1155,189">
<area shape="rect" id="node29" href="$_normal_8h.html" title="Contains a class that simulates a &quot;normal&quot;, i.e. gaussian distribution..." alt="" coords="1589,161,1872,189">
<area shape="rect" id="node39" href="$_cauchy_8h.html" title="Contains a class that simulates a &quot;standard %Cauchy distribution&quot;." alt="" coords="2288,161,2573,189">
<area shape="rect" id="node44" href="$_geometric_8h.html" title="Contains a class that simulates a &quot;%Geometric distribution&quot;." alt="" coords="2605,161,2907,189">
<area shape="rect" id="node54" href="$_poisson_8h.html" title="Contains a class that simulates a &quot;%Poisson distribution&quot;." alt="" coords="1212,161,1500,189">
<area shape="rect" id="node58" href="$_binomial_8h.html" title="Contains a class that simulates a &quot;Binomial distribution&quot;." alt="" coords="2945,161,3236,189">
<area shape="rect" id="node62" href="$_erlang_8h.html" title="Contains a class that simulates an &quot;%Erlang distribution&quot;." alt="" coords="3289,161,3569,189">
<area shape="rect" id="node66" href="$_hyper_geometric_8h.html" title="Contains a class that simulates a &quot;Hyper %Geometric distribution&quot;." alt="" coords="3653,161,3989,189">
<area shape="rect" id="node70" href="$_neg_exponential_8h.html" title="Contains a class that simulates a &quot;negative exponential distribution&quot;." alt="" coords="4132,161,4465,189">
<area shape="rect" id="node74" href="$_weibull_8h.html" title="Contains a class that simulates a &quot;%Weibull distribution&quot;." alt="" coords="4728,161,5013,189">
<area shape="rect" id="node7" href="$_global_rng_8h.html" title="Contains a class that subsumes several often used random number generators." alt="" coords="1205,315,1507,343">
<area shape="rect" id="node15" href="$_bernoulli_8cpp.html" title="Implements methods for class Bernoulli that simulates a &quot;Bernoulli trial&quot;..." alt="" coords="449,238,756,266">
<area shape="rect" id="node9" href="$_f_schwefel206_8cpp.html" title="Ackley benchmark function." alt="" coords="696,393,1120,421">
<area shape="rect" id="node11" href="$_f_schwefel213_8cpp.html" title="Schwefel&#39;s problem 2.13." alt="" coords="1144,393,1568,421">
<area shape="rect" id="node13" href="$_global_rng_8cpp.html" title="Implements a method for class Rng that subsumes several often used random number..." alt="" coords="1592,393,1907,421">
<area shape="rect" id="node20" href="$_discrete_uniform_8cpp.html" title="Implements methods for class DiscreteUniform that simulates a &quot;uniform distribution&quot;..." alt="" coords="28,238,375,266">
<area shape="rect" id="node25" href="$_poisson_8cpp.html" title="Implements methods for class Poisson that simulates a &quot;%Poisson distribution&quot;..." alt="" coords="1204,238,1508,266">
<area shape="rect" id="node27" href="$_uniform_8cpp.html" title="Implements methods for class Uniform that simulates a &quot;uniform distribution&quot;..." alt="" coords="831,238,1129,266">
<area shape="rect" id="node32" href="$_log_normal_8h.html" title="Contains a class that simulates a &quot;Log %Normal distribution&quot;." alt="" coords="1903,238,2207,266">
<area shape="rect" id="node36" href="$_normal_8cpp.html" title="Implements methods for class Normal that simulates a &quot;normal&quot;, i.e. gaussian..." alt="" coords="1583,238,1879,266">
<area shape="rect" id="node34" href="$_log_normal_8cpp.html" title="Implements methods for class LogNormal that simulates a &quot;Log %Normal distribution&quot;..." alt="" coords="1896,315,2213,343">
<area shape="rect" id="node42" href="$_cauchy_8cpp.html" title="Implements methods for class Cauchy, that simulates a &quot;standard %Cauchy distribution&quot;..." alt="" coords="2281,238,2580,266">
<area shape="rect" id="node47" href="$_diff_geometric_8h.html" title="Contains a class that simulates a &quot;Differential Geometric distribution&quot;..." alt="" coords="2655,238,2975,266">
<area shape="rect" id="node52" href="$_geometric_8cpp.html" title="Implements methods for class Geometric that simulates a &quot;%Geometric distribution&quot;..." alt="" coords="2999,238,3313,266">
<area shape="rect" id="node50" href="$_diff_geometric_8cpp.html" title="Implements methods for class DiffGeometric that simulates a &quot;Differential Geometric..." alt="" coords="2648,315,2981,343">
<area shape="rect" id="node60" href="$_binomial_8cpp.html" title="Implements methods for class Binomial that simulates a &quot;Binomial distribution&quot;..." alt="" coords="3337,238,3644,266">
<area shape="rect" id="node64" href="$_erlang_8cpp.html" title="Implements methods for a class Erlang, that simulates an &quot;%Erlang distribution&quot;..." alt="" coords="3668,238,3961,266">
<area shape="rect" id="node68" href="$_hyper_geometric_8cpp.html" title="Implements methods for class HyperGeometric, that simulates a &quot;Hyper %Geometric..." alt="" coords="3985,238,4335,266">
<area shape="rect" id="node72" href="$_neg_exponential_8cpp.html" title="Implements methods for class NegExponential that simulates a &quot;negative exponential..." alt="" coords="4359,238,4705,266">
<area shape="rect" id="node76" href="$_weibull_8cpp.html" title="Implements methods for class Weibull, that simulates a &quot;%Weibull distribution&quot;..." alt="" coords="4729,238,5028,266">
