<area shape="rect" id="node3" href="$class_population.html#d954a25173a1c214abe5c6a0f57c1781" title="Population::clone" alt="" coords="233,5,353,33">
<area shape="rect" id="node5" href="$class_chromosome___real.html#c44d18faabbc5befa9df3c24ed4b3258" title="Clone function." alt="" coords="208,55,379,83">
<area shape="rect" id="node9" href="$class_crossover.html#8a758215320944d42fe9d173af9ccf66" title="Implementation of the crossover strategy." alt="" coords="235,106,352,134">
<area shape="rect" id="node11" href="$class_global_search.html#7136888be59bd367c4e9fe1287fdca4d" title="Evaluate the objective function." alt="" coords="216,157,371,185">
<area shape="rect" id="node15" href="$class_mutation.html#4b2c0e54959888c4b284c1226e606c94" title="Implementation of the mutation strategy." alt="" coords="233,207,353,235">
<area shape="rect" id="node17" href="$class_objective_function.html#5bda5df8b857675b2a6e9aaed3c3b735" title="Number of optimization variables." alt="" coords="189,258,397,286">
<area shape="rect" id="node19" href="$class_chromosome___real.html#65854fc34f335b46f2a43dd8d0a79081" title="Not used. The chromosome is a vector of doubles itself." alt="" coords="180,309,407,337">
<area shape="rect" id="node7" href="$class_chromosome___real.html#a3d9daf090b9c69908b87516600657db" title="Implement a real encoding chromosome." alt="" coords="457,55,705,83">
<area shape="rect" id="node13" href="$class_objective_function.html#c686b7f917a1bc5fd013048bf947f8c4" title="ObjectiveFunction::isMaximizing" alt="" coords="477,157,685,185">
